[www.worldgym.com/index.html]
[backblue.gif]
[fade.gif]
[index.html]
[www.worldgym.com/home.html]
[www.worldgym.com/assets/images/apple-touch-icon.png]
[www.worldgym.com/assets/images/favicon-32x32.png]
[www.worldgym.com/assets/images/favicon-16x16.png]
[www.worldgym.com/assets/images/manifest.json]
[www.worldgym.com/root/assets/js/jquery-1.11.2.min.js]
[www.worldgym.com/root/assets/js/acumin-pro.min.js]
[js.hs-scripts.com/6689002.9.delayed]
[cdn.rlets.com/capture_static/mms/mms.js]
[connect.facebook.net/en_US/fbevents.js]
[analytics.tiktok.com/i18n/pixel/events.js]
[www.worldgym.com/root/assets/fonts/fontawesome-webfont5b62.woff2]
[www.worldgym.com/root/assets/css/fonts/customicons/customiconsef1a.woff]
[www.worldgym.com/root/assets/fonts/382988f4-6111-4ea7-a016-52a073d0a563.woff2]
[www.worldgym.com/root/assets/css/bundles97ed.css]
[translate.google.com/translate_a/elementa0d8.js]
[www.worldgym.com/root/assets/images/world-gym-white.png]
[www.worldgym.com/why-world-gym.html]
[www.worldgym.com/success-stories.html]
[www.worldgym.com/workout-tips.html]
[www.worldgym.com/about.html]
[www.worldgym.com/ourclubs.html]
[www.worldgym.com/wg-athletics.html]
[www.worldgym.com/blog.html]
[www.worldgym.com/root/assets/images/circle-red.png]
[www.worldgym.com/root/clientImages/WGY9999/hero-image-1.jpg]
[www.worldgym.com/findagym.html]
[www.worldgym.com/root/assets/images/mouse-icon1.png]
[www.worldgym.com/root/assets/images/app-btn-sprite.png]
[www.worldgym.com/root/clientImages/WGY9999/FeaturedProductBox.jpg]
[www.worldgym.com/blog/make-your-workouts-harder-without-adding-weight.html]
[assets.juicer.io/embed.css]
[www.worldgym.com/root/images/WorldGymHomeVideo.png]
[www.worldgym.com/Accessibility.html]
[www.worldgym.com/careers.html]
[www.worldgym.com/privacy.html]
[www.worldgym.com/root/assets/js/bundlesd8f6]
[www.worldgym.com/assets/css/yamm.css]
[www.worldgym.com/assets/css/animate.min.css]
[www.worldgym.com/assets/css/swiper.min.css]
[www.worldgym.com/assets/pageStyles/success-stories.css]
[cdnjs.cloudflare.com/ajax/libs/jquery.touchswipe/1.6.4/jquery.touchSwipe.min.js]
[cdnjs.cloudflare.com/ajax/libs/jquery-validate/1.14.0/jquery.validate.min.js]
[cdnjs.cloudflare.com/ajax/libs/jquery-validate/1.14.0/additional-methods.min.js]
[www.worldgym.com/assets/js/knockout-3.4.2.js]
[www.worldgym.com/assets/js/knockout.mapping-latest.js]
[www.worldgym.com/assets/js/worldGymMapUtilities.min.js]
[www.worldgym.com/assets/js/infobox.js]
[www.worldgym.com/assets/js/js.cookie.js]
[yotrack.cdn.ybn.io/yotrack.min.js]
[www.worldgym.com/assets/js/viewportchecker.minbd0f.js]
[assets.juicer.io/embed-no-jquery.js]
[www.worldgym.com/assets/js/typeahead.bundle.js]
[www.worldgym.com/assets/js/markerclusterer.js]
[www.worldgym.com/index.html]
[www.worldgym.com/home.html]
[www.worldgym.com/assets/images/safari-pinned-tab.svg]
[js.hs-scripts.com/6689002.json]
[www.googletagmanager.com/gtm5445.html]
[connect.facebook.net/en_US/fbevents.js]
[www.worldgym.com/root/assets/fonts/glyphicons-halflings-regular.eot]
[www.worldgym.com/root/assets/fonts/glyphicons-halflings-regulard41d.eot]
[www.worldgym.com/root/assets/fonts/glyphicons-halflings-regular.woff2]
[www.worldgym.com/root/assets/fonts/glyphicons-halflings-regular.woff]
[www.worldgym.com/root/assets/fonts/glyphicons-halflings-regular.ttf]
[www.worldgym.com/root/assets/fonts/fontawesome-webfont5b62.eot]
[www.worldgym.com/root/assets/fonts/fontawesome-webfontd41d.eot]
[www.worldgym.com/root/assets/fonts/fontawesome-webfont5b62.woff]
[www.worldgym.com/root/assets/fonts/fontawesome-webfont5b62.ttf]
[www.worldgym.com/root/assets/css/fonts/customicons/customiconsef1a.eot]
[www.worldgym.com/root/assets/css/fonts/customicons/customiconsef1a.ttf]
[www.worldgym.com/root/assets/fonts/b7438768-bf45-4809-8a2f-306e427db96fd41d.eot]
[www.worldgym.com/root/assets/fonts/4304928b-c2d7-4cd6-8635-0d041c7e08f6.woff]
[www.worldgym.com/root/assets/fonts/12688a7f-b067-4db0-8932-c97d9fa5767c.ttf]
[www.worldgym.com/root/assets/images/textures/heroTextBg-Texture2.png]
[www.worldgym.com/root/assets/images/textures/heroTextBg-TextureNew.png]
[www.worldgym.com/root/assets/images/hero-texture.png]
[www.worldgym.com/root/clientImages/JPRO9999/hero-image-2.jpg]
[www.worldgym.com/root/assets/images/textures/successstoriesmainbg.png]
[www.worldgym.com/root/assets/images/dot.png]
[www.worldgym.com/root/assets/images/textures/heroTextBg-TextureNew1.png]
[www.worldgym.com/root/assets/images/textures/heroTextBg-Texture.png]
[www.worldgym.com/root/assets/css/bundles97ed.css]
[www.worldgym.com/assets/pageStyles/why-world-gym.css]
[www.worldgym.com/root/clientImages/WGY9999/whyworldgymHeroImgage.jpg]
[www.worldgym.com/root/clientImages/WGY9999/whyworldgymImage1679c.jpg]
[www.worldgym.com/root/clientImages/WGY9999/whyworldgymImage28e10.jpg]
[www.worldgym.com/root/clientImages/WGY9999/whyworldgymImage339d3.jpg]
[www.worldgym.com/why-world-gym.html]
[www.worldgym.com/root/clientImages/WGY9999/SuccessstoriesHeroImage.jpg]
[www.worldgym.com/root/clientImages/WGY9999/SuccessStoriesImage48b6b.jpg]
[www.worldgym.com/root/clientImages/WGY9999/SuccessStoriesImage2c142.jpg]
[www.worldgym.com/root/clientImages/WGY9999/SuccessStoriesImage3a8a8.jpg]
[www.worldgym.com/root/clientImages/WGY9999/AmbassadorsImage20a3c.jpg]
[www.worldgym.com/root/clientImages/WGY9999/SuccessStoriesImage5a9ff.jpg]
[www.worldgym.com/root/clientImages/WGY9999/AmbassadorsImage1ccf4.jpg]
[www.worldgym.com/root/clientImages/WGY9999/RealPeopleResultsImage48274.jpg]
[www.worldgym.com/root/clientImages/WGY9999/RealPeopleResultsImage2a8cb.jpg]
[www.worldgym.com/root/clientImages/WGY9999/RealPeopleResultsImage3e36c.jpg]
[www.worldgym.com/root/clientImages/WGY9999/RealPeopleResultsImage1df85.jpg]
[www.worldgym.com/success-stories.html]
[www.worldgym.com/assets/pageStyles/workout-tips.css]
[www.worldgym.com/root/clientImages/WGY9999/workouttipsHeroImgage.jpg]
[www.worldgym.com/root/clientImages/WGY9999/amenitiesVideoImage5249ecc.png]
[www.worldgym.com/root/assets/images/playbtn.png]
[www.worldgym.com/root/clientImages/WGY9999/workouttipsVideosImage50795e8.png]
[www.worldgym.com/root/clientImages/WGY9999/workouttipsVideosImage983c47d.png]
[www.worldgym.com/root/clientImages/WGY9999/workouttipsVideosImage980bc9d.png]
[www.worldgym.com/root/clientImages/WGY9999/WorkoutTipsContentArea278c1.jpg]
[www.worldgym.com/workout-tips.html]
[www.worldgym.com/root/assets/pageStyles/about.css]
[www.worldgym.com/root/clientImages/WGY9999/aboutImage-1d1bf.jpg]
[www.worldgym.com/root/clientImages/WGY9999/aboutImage-2ada8.jpg]
[www.worldgym.com/root/clientImages/WGY9999/aboutImage-374b5.jpg]
[www.worldgym.com/root/clientImages/WGY9999/aboutImage-46164.jpg]
[www.worldgym.com/root/clientImages/WGY9999/aboutImage-57e2d.jpg]
[www.worldgym.com/root/clientImages/WGY9999/aboutImage-6d9d0.jpg]
[www.worldgym.com/about.html]
[www.worldgym.com/assets/pageStyles/ourclubs.css]
[www.worldgym.com/root/clientImages/WGY9999/ourclubsHeroImgage.jpg]
[www.worldgym.com/root/clientImages/WGY9999/amenitiesImage189fc70.jpg]
[www.worldgym.com/root/clientImages/WGY9999/ourClubsImage44080bc.jpg]
[www.worldgym.com/root/clientImages/WGY9999/ourClubsImage471ef54.jpg]
[www.worldgym.com/root/clientImages/WGY9999/ourClubsImage6992303.jpg]
[www.worldgym.com/root/clientImages/WGY9999/ourClubsImage317042f.jpg]
[www.worldgym.com/ourclubs.html]
[www.worldgym.com/assets/pageStyles/wg-athletics.css]
[www.worldgym.com/root/clientImages/WGY9999/Wg-athleticsHeroImgage.jpg]
[www.worldgym.com/root/clientImages/WGY9999/WgAthleticsContentArea209d9.jpg]
[www.worldgym.com/root/clientImages/WGY9999/Roxanneccc8.png]
[www.worldgym.com/root/clientImages/WGY9999/Craige10e.png]
[www.worldgym.com/root/clientImages/WGY9999/Reyci5f5f.png]
[www.worldgym.com/root/clientImages/WGY9999/bhakticf92.png]
[www.worldgym.com/root/clientImages/WGY9999/dylan2d07.png]
[www.worldgym.com/wg-athletics.html]
[www.worldgym.com/assets/pageStyles/blog.css]
[www.worldgym.com/root/clientImages/WGY9999/blog/header-image.jpg]
[www.worldgym.com/assets/images/loading2.gif]
[www.worldgym.com/blog/3-of-the-best-exercises-to-build-your-chest.html]
[www.worldgym.com/root/clientImages/WGY9999/empty-big-1630068154853.jpg]
[www.worldgym.com/blog/what-are-the-five-heart-rate-zones.html]
[www.worldgym.com/root/clientImages/WGY9999/empty-big-1628798815081.jpg]
[www.worldgym.com/blog/what-happens-to-your-body-when-you-cycle-every-day.html]
[www.worldgym.com/root/clientImages/WGY9999/empty-big-1628191697313.jpg]
[www.worldgym.com/blog/how-to-start-training-again-after-taking-time-off.html]
[www.worldgym.com/root/clientImages/WGY9999/empty-big-1625853202969.jpg]
[www.worldgym.com/blog/how-many-days-per-week-should-you-train.html]
[www.worldgym.com/root/clientImages/WGY9999/empty-big-1625846134269.jpg]
[www.worldgym.com/blog/dance-your-way-to-fitness.html]
[www.worldgym.com/root/clientImages/WGY9999/empty-big-1624283254638.jpg]
[www.worldgym.com/blog/3-of-the-best-exercises-to-build-your-quads.html]
[www.worldgym.com/root/clientImages/WGY9999/empty-big-1622816016392.jpg]
[www.worldgym.com/blog/what-exercises-burn-the-most-calories.html]
[www.worldgym.com/root/clientImages/WGY9999/empty-big-1622060104229.jpg]
[www.worldgym.com/blog/how-to-set-fitness-goals-and-crush-them.html]
[www.worldgym.com/root/clientImages/WGY9999/empty-big-1621429151025.jpg]
[www.worldgym.com/blog/build-muscle-without-lifting-weights.html]
[www.worldgym.com/root/clientImages/WGY9999/empty-big-1620824187221.jpg]
[www.worldgym.com/blog/heart-rate-training-for-great-results.html]
[www.worldgym.com/root/clientImages/WGY9999/empty-big-1620402386988-107.jpg]
[www.worldgym.com/blog/3-of-the-best-exercises-to-build-your-shoulders.html]
[www.worldgym.com/root/clientImages/WGY9999/empty-big-1619637282680.jpg]
[www.worldgym.com/blog/3-of-the-best-exercises-to-build-your-hamstrings.html]
[www.worldgym.com/root/clientImages/WGY9999/empty-big-1619094944289.jpg]
[www.worldgym.com/blog/is-walking-good-exercise.html]
[www.worldgym.com/root/clientImages/WGY9999/empty-big-1618408544230.jpg]
[www.worldgym.com/blog/3-things-that-maximize-workout-results.html]
[www.worldgym.com/root/clientImages/WGY9999/empty-big-1617848013076.jpg]
[www.worldgym.com/blog/why-you-need-a-periodized-training-plan.html]
[www.worldgym.com/root/clientImages/WGY9999/empty-big-1617221258089.jpg]
[www.worldgym.com/blog/the-3-absolute-best-exercises-to-build-your-glutes.html]
[www.worldgym.com/root/clientImages/WGY9999/empty-big-1616635670768.jpg]
[www.worldgym.com/blog/how-much-protein-you-should-really-eat-each-day.html]
[www.worldgym.com/root/clientImages/WGY9999/empty-big-1616006377468.jpg]
[www.worldgym.com/blog/how-to-keep-burning-calories-after-your-workout.html]
[www.worldgym.com/root/clientImages/WGY9999/empty-big-1614437963188.jpg]
[www.worldgym.com/blog/what-happens-to-your-body-when-you-lift-weights-da.html]
[www.worldgym.com/root/clientImages/WGY9999/empty-big-1613603390660.jpg]
[www.worldgym.com/blog/full-body-vs-split-workout-plans-which-is-best.html]
[www.worldgym.com/root/clientImages/WGY9999/empty-big-1612970773692.jpg]
[www.worldgym.com/blog/the-absolute-fastest-way-to-get-fit.html]
[www.worldgym.com/root/clientImages/WGY9999/empty-big-1612383890761.jpg]
[www.worldgym.com/blog/lifting-weights-vs-cardio-which-is-best.html]
[www.worldgym.com/root/clientImages/WGY9999/empty-big-1611262421376.jpg]
[www.worldgym.com/blog/how-to-recover-from-workouts-according-to-science.html]
[www.worldgym.com/root/clientImages/WGY9999/empty-big-1610473934658.jpg]
[www.worldgym.com/blog/how-to-stay-fit-anywhere.html]
[www.worldgym.com/root/clientImages/WGY9999/empty-big-1609952153148.jpg]
[www.worldgym.com/blog/how-to-get-the-best-muscle-pump-of-your-life.html]
[www.worldgym.com/root/clientImages/WGY9999/empty-big-1609276742083.jpg]
[www.worldgym.com/blog/gym-etiquette-for-beginners.html]
[www.worldgym.com/root/clientImages/WGY9999/empty-big-1608838568622.jpg]
[www.worldgym.com/blog/why-you-shouldnt-give-up-carbs.html]
[www.worldgym.com/root/clientImages/WGY9999/empty-big-1608052065397.jpg]
[www.worldgym.com/blog/3-things-you-need-to-get-fit-in-2021-3-you-dont.html]
[www.worldgym.com/root/clientImages/WGY9999/empty-big-1607700550125-89.jpg]
[www.worldgym.com/blog/hack-your-brain-with-exercise.html]
[www.worldgym.com/root/clientImages/WGY9999/empty-big-1606859010874.jpg]
[www.worldgym.com/blog/cant-squat-heres-what-your-body-is-telling-you.html]
[www.worldgym.com/root/clientImages/WGY9999/empty-big-1605809986947.jpg]
[www.worldgym.com/blog/the-truth-about-saturated-fat.html]
[www.worldgym.com/root/clientImages/WGY9999/empty-big-1605077119371.jpg]
[www.worldgym.com/blog/one-simple-thing-can-boost-your-immunity.html]
[www.worldgym.com/root/clientImages/WGY9999/empty-big-1604512205881.jpg]
[www.worldgym.com/blog/this-5-minute-warm-up-routine-will-change-your-lif.html]
[www.worldgym.com/root/clientImages/WGY9999/empty-big-1603981114325.jpg]
[www.worldgym.com/blog/the-top-3-things-you-should-do-to-build-muscle.html]
[www.worldgym.com/root/clientImages/WGY9999/empty-big-0.jpg]
[www.worldgym.com/blog/5-reasons-to-hire-personal-trainer.html]
[www.worldgym.com/root/clientImages/WGY9999/empty-big-0-77.jpg]
[www.worldgym.com/blog/how-many-reps-will-build-muscle.html]
[www.worldgym.com/root/clientImages/WGY9999/hero-image-2-76.jpg]
[www.worldgym.com/blog/5-reasons-women-should-lift-weights.html]
[www.worldgym.com/root/clientImages/WGY9999/empty-big-0-75.jpg]
[www.worldgym.com/blog/fix-your-joints-fix-your-fitness.html]
[www.worldgym.com/root/clientImages/WGY9999/empty-big-0-74.jpg]
[www.worldgym.com/root/clientImages/WGY9999/FeaturedTipBox.jpg]
[www.worldgym.com/blog/get-stronger-and-leaner-by-tracking-macros-2.html]
[www.worldgym.com/root/clientImages/WGY9999/empty-big-72.jpg]
[www.worldgym.com/blog/strength-training.html]
[www.worldgym.com/blog/cardio-training.html]
[www.worldgym.com/blog/ambassadors.html]
[www.worldgym.com/blog/world-gym-athletics.html]
[www.worldgym.com/blog/nutrition.html]
[www.worldgym.com/blog/exercise-is-medicine.html]
[www.worldgym.com/blog/world-gym-anywhere.html]
[www.worldgym.com/blog/recovery.html]
[www.worldgym.com/root/assets/js/jquery-ui.js]
[www.worldgym.com/assets/js/knockout-paging.js]
[www.worldgym.com/blog.html]
[www.worldgym.com/findagym.html]
[www.worldgym.com/root/clientImages/WGY9999/Technique_blog_image_730x340.jpg]
[www.worldgym.com/root/clientImages/WGY9999/Unknown.jpg]
[www.worldgym.com/blog/make-your-workouts-harder-without-adding-weight.html]
[assets.juicer.io/embed.css]
[www.worldgym.com/Accessibility.html]
[www.worldgym.com/accessibility-2.html]
[www.worldgym.com/root/assets/images/loading2.gif]
[cpats.s3.amazonaws.com/assets/embed.js]
[www.worldgym.com/careers.html]
[www.worldgym.com/privacy.html]
[www.worldgym.com/assets/css/yamm.css]
[www.worldgym.com/assets/css/animate.min.css]
[www.worldgym.com/assets/css/swiper.min.css]
[www.worldgym.com/root/assets/images/textures/successstoriesmainmbbg.png]
[www.worldgym.com/assets/pageStyles/success-stories.css]
[www.worldgym.com/c.html]
[www.worldgym.com/b.html]
[www.worldgym.com/POST.html]
[fast.fonts.net/t/11e92.css]
[www.worldgym.com/root/assets/fonts/glyphicons-halflings-regular.html]
[www.worldgym.com/root/assets/fonts/fontawesome-webfont5b62.svg]
[www.worldgym.com/root/assets/css/fonts/customicons/customiconsef1a.svg]
[www.worldgym.com/root/assets/fonts/f3ce3a17-1b34-46a0-b846-993621ddaab2.svg]
[www.worldgym.com/assets/pageStyles/why-world-gym.css]
[www.worldgym.com/assets/pageStyles/workout-tips.css]
[www.worldgym.com/root/assets/images/textures/heroTextBg-Textureol.png]
[www.worldgym.com/root/assets/pageStyles/about.css]
[www.worldgym.com/assets/pageStyles/ourclubs.css]
[www.worldgym.com/assets/pageStyles/wg-athletics.css]
[www.worldgym.com/assets/pageStyles/blog.css]
[www.worldgym.com/blog/3-of-the-best-exercises-to-build-your-chest.html]
[www.worldgym.com/root/clientImages/WGY9999/WGACM-1037a1.jpg]
[www.worldgym.com/root/clientImages/WGY9999/JE-2179.jpg]
[www.worldgym.com/root/clientImages/WGY9999/WG-0306 (1).jpg]
[www.worldgym.com/root/clientImages/WGY9999/wgip eric.jpg]
[www.worldgym.com/blog/what-are-the-five-heart-rate-zones.html]
[www.worldgym.com/root/clientImages/WGY9999/20235-1094.jpg]
[www.worldgym.com/root/clientImages/WGY9999/20235-0977.jpg]
[www.worldgym.com/root/clientImages/WGY9999/20235-0946.jpg]
[www.worldgym.com/root/clientImages/WGY9999/20235-0979.jpg]
[www.worldgym.com/blog/what-happens-to-your-body-when-you-cycle-every-day.html]
[www.worldgym.com/root/clientImages/WGY9999/DEC019.jpg]
[www.worldgym.com/root/clientImages/WGY9999/DEC027.jpg]
[www.worldgym.com/root/clientImages/WGY9999/Screen Shot 2021-07-09 at 12.58.40 PM.png]
[www.worldgym.com/blog/how-to-start-training-again-after-taking-time-off.html]
[www.worldgym.com/root/clientImages/WGY9999/sven-mieke-Lx_GDv7VA9M-unsplash.jpg]
[www.worldgym.com/root/clientImages/WGY9999/ginny-rose-stewart-UxkcSzRWM2s-unsplash.jpg]
[www.worldgym.com/blog/how-many-days-per-week-should-you-train.html]
[www.worldgym.com/root/clientImages/WGY9999/danielle-cerullo-3ckWUnaCxzc-unsplash.jpg]
[www.worldgym.com/root/clientImages/WGY9999/helen-thomas-WhY7msOCXTI-unsplash.jpg]
[www.worldgym.com/root/clientImages/WGY9999/bruce-mars-pFyKRmDiWEA-unsplash.jpg]
[www.worldgym.com/blog/dance-your-way-to-fitness.html]
[www.worldgym.com/blog/3-of-the-best-exercises-to-build-your-quads.html]
[www.worldgym.com/root/clientImages/WGY9999/OCT027.jpg]
[www.worldgym.com/root/clientImages/WGY9999/20235-0921.jpg]
[www.worldgym.com/root/clientImages/WGY9999/WG-0834.jpg]
[www.worldgym.com/blog/what-exercises-burn-the-most-calories.html]
[www.worldgym.com/root/clientImages/WGY9999/WG-1014.jpg]
[www.worldgym.com/root/clientImages/WGY9999/Photo Jan 27.jpg]
[www.worldgym.com/root/clientImages/WGY9999/WGACM-3979 (1).jpg]
[www.worldgym.com/blog/how-to-set-fitness-goals-and-crush-them.html]
[www.worldgym.com/root/clientImages/WGY9999/WGIP-5584[1].jpg]
[www.worldgym.com/root/clientImages/WGY9999/alex-lerum-9QvXEzZHLcY-unsplash.jpg]
[www.worldgym.com/root/clientImages/WGY9999/Instagram Post.jpg]
[www.worldgym.com/root/clientImages/WGY9999/geert-pieters-3RnkZpDqsEI-unsplash.jpg]
[www.worldgym.com/blog/build-muscle-without-lifting-weights.html]
[www.worldgym.com/root/clientImages/WGY9999/WGACM-3979.jpg]
[www.worldgym.com/root/clientImages/WGY9999/WGACM-0252.jpg]
[www.worldgym.com/root/clientImages/WGY9999/WGACM-1037a11.jpg]
[www.worldgym.com/blog/heart-rate-training-for-great-results.html]
[www.worldgym.com/blog/3-of-the-best-exercises-to-build-your-shoulders.html]
[www.worldgym.com/blog/3-of-the-best-exercises-to-build-your-hamstrings.html]
[www.worldgym.com/root/clientImages/WGY9999/Screen Shot 2021-04-14 at 9.05.43 AM.png]
[www.worldgym.com/root/clientImages/WGY9999/lital-levy-KjzEfLVxIh4-unsplash.jpg]
[www.worldgym.com/blog/is-walking-good-exercise.html]
[www.worldgym.com/root/clientImages/WGY9999/WGACM-0936.jpg]
[www.worldgym.com/root/clientImages/WGY9999/WGACM-0407.jpg]
[www.worldgym.com/root/clientImages/WGY9999/WGACM-9326.jpg]
[www.worldgym.com/blog/3-things-that-maximize-workout-results.html]
[www.worldgym.com/root/clientImages/WGY9999/NOV012.jpg]
[www.worldgym.com/root/clientImages/WGY9999/NOV005.jpg]
[www.worldgym.com/blog/why-you-need-a-periodized-training-plan.html]
[www.worldgym.com/blog/the-3-absolute-best-exercises-to-build-your-glutes.html]
[www.worldgym.com/root/clientImages/WGY9999/adam-niescioruk-LxBiYNQLzjQ-unsplash.jpg]
[www.worldgym.com/root/clientImages/WGY9999/denis-tuksar-hsTwPUzFegQ-unsplash.jpg]
[www.worldgym.com/blog/how-much-protein-you-should-really-eat-each-day.html]
[www.worldgym.com/root/clientImages/WGY9999/2C7A7959.jpg]
[www.worldgym.com/root/clientImages/WGY9999/OCT016.jpg]
[www.worldgym.com/root/clientImages/WGY9999/30-11-2018-09-38-37.jpg]
[www.worldgym.com/blog/how-to-keep-burning-calories-after-your-workout.html]
[www.worldgym.com/root/clientImages/WGY9999/2C7A6382 (1).jpg]
[www.worldgym.com/root/clientImages/WGY9999/victor-freitas-JbI04nYfaJk-unsplash.jpg]
[www.worldgym.com/root/clientImages/WGY9999/WGIP-6995.jpg]
[www.worldgym.com/blog/what-happens-to-your-body-when-you-lift-weights-da.html]
[www.worldgym.com/root/clientImages/WGY9999/DEC002.jpg]
[www.worldgym.com/root/clientImages/WGY9999/DEC023.jpg]
[www.worldgym.com/root/clientImages/WGY9999/WGIP-5584.jpg]
[www.worldgym.com/blog/full-body-vs-split-workout-plans-which-is-best.html]
[www.worldgym.com/root/clientImages/WGY9999/NOV028.jpg]
[www.worldgym.com/root/clientImages/WGY9999/_DSF1315-2.jpg]
[www.worldgym.com/root/clientImages/WGY9999/NOV015.jpg]
[www.worldgym.com/blog/the-absolute-fastest-way-to-get-fit.html]
[www.worldgym.com/root/clientImages/WGY9999/NOV029.jpg]
[www.worldgym.com/root/clientImages/WGY9999/2C7A3723-2.jpg]
[www.worldgym.com/blog/lifting-weights-vs-cardio-which-is-best.html]
[www.worldgym.com/root/clientImages/WGY9999/WGACM-HV0194.jpg]
[www.worldgym.com/root/clientImages/WGY9999/WGACM-4017.jpg]
[www.worldgym.com/root/clientImages/WGY9999/WGACM-0159.jpg]
[www.worldgym.com/root/clientImages/WGY9999/logan-jeffrey-CJarbDnrdfs-unsplash.jpg]
[www.worldgym.com/blog/how-to-recover-from-workouts-according-to-science.html]
[www.worldgym.com/root/clientImages/WGY9999/WG_Anywhere_Social_1080x1080_gunnar (1).jpg]
[www.worldgym.com/root/clientImages/WGY9999/WG_Anywhere_Social_1080x1080_strength (1).jpg]
[www.worldgym.com/blog/how-to-stay-fit-anywhere.html]
[www.worldgym.com/root/clientImages/WGY9999/Pump-2.jpg]
[www.worldgym.com/root/clientImages/WGY9999/Pump-1.jpg]
[www.worldgym.com/blog/how-to-get-the-best-muscle-pump-of-your-life.html]
[www.worldgym.com/root/clientImages/WGY9999/Etiquette 2.jpg]
[www.worldgym.com/root/clientImages/WGY9999/Etiqeutte-3---christine-sandu-F1_xN3FDkbo-unsplash.jpg]
[www.worldgym.com/root/clientImages/WGY9999/Etiquette-4.jpg]
[www.worldgym.com/blog/gym-etiquette-for-beginners.html]
[www.worldgym.com/root/clientImages/WGY9999/wilfred-wong-NoczeWSAF_w-unsplash.jpg]
[www.worldgym.com/root/clientImages/WGY9999/markus-spiske-vyHo3nnk8G8-unsplash.jpg]
[www.worldgym.com/root/clientImages/WGY9999/christopher-ott-yGDSPUdtSCw-unsplash.jpg]
[www.worldgym.com/blog/why-you-shouldnt-give-up-carbs.html]
[www.worldgym.com/root/clientImages/WGY9999/2021-2.jpg]
[www.worldgym.com/root/clientImages/WGY9999/2021-3.jpg]
[www.worldgym.com/blog/3-things-you-need-to-get-fit-in-2021-3-you-dont.html]
[www.worldgym.com/root/clientImages/WGY9999/Happy 2.jpg]
[www.worldgym.com/root/clientImages/WGY9999/Happy 3.jpg]
[www.worldgym.com/root/clientImages/WGY9999/Happy 4.jpg]
[www.worldgym.com/blog/hack-your-brain-with-exercise.html]
[www.worldgym.com/root/clientImages/WGY9999/Squat 2.jpg]
[www.worldgym.com/root/clientImages/WGY9999/Squat 3.jpg]
[www.worldgym.com/root/clientImages/WGY9999/Squat 4.jpg]
[www.worldgym.com/root/clientImages/WGY9999/Squat 5.jpg]
[www.worldgym.com/blog/cant-squat-heres-what-your-body-is-telling-you.html]
[www.worldgym.com/root/clientImages/WGY9999/Fat-2---Photo-by-Casey-Diviese-on-Unsplash.jpg]
[www.worldgym.com/root/clientImages/WGY9999/Fat-3---Gil-Ndjouwou-on-Unsplash.jpg]
[www.worldgym.com/root/clientImages/WGY9999/Fat-4---Alan-Hardman-on-Unsplash2.jpg .jpg]
[www.worldgym.com/root/clientImages/WGY9999/Fat-5-1.jpg]
[www.worldgym.com/root/clientImages/WGY9999/Fat-5-2---Maskim-Shutov-on-Unsplash-(1).jpg]
[www.worldgym.com/root/clientImages/WGY9999/Fat 5-1 - Ashley Green on Unsplash.jpg]
[www.worldgym.com/blog/the-truth-about-saturated-fat.html]
[www.worldgym.com/root/clientImages/WGY9999/Immunity 2.jpg]
[www.worldgym.com/blog/one-simple-thing-can-boost-your-immunity.html]
[www.worldgym.com/blog/this-5-minute-warm-up-routine-will-change-your-lif.html]
[www.worldgym.com/root/clientImages/WGY9999/Muscle-2.jpg]
[www.worldgym.com/root/clientImages/WGY9999/Muscle-3.jpg]
[www.worldgym.com/root/clientImages/WGY9999/Muscle-4.jpg]
[www.worldgym.com/blog/the-top-3-things-you-should-do-to-build-muscle.html]
[www.worldgym.com/root/clientImages/WGY9999/Personal Trainer 2.jpg]
[www.worldgym.com/root/clientImages/WGY9999/Personal Trainer 3.jpg]
[www.worldgym.com/root/clientImages/WGY9999/Personal Trainer 4.jpg]
[www.worldgym.com/root/clientImages/WGY9999/Personal Trainer 5.jpg]
[www.worldgym.com/root/clientImages/WGY9999/Personal Trainer 6.jpg]
[www.worldgym.com/blog/5-reasons-to-hire-personal-trainer.html]
[www.worldgym.com/root/clientImages/WGY9999/Rep Range 2.jpg]
[www.worldgym.com/root/clientImages/WGY9999/Rep Range 3.jpg]
[www.worldgym.com/root/clientImages/WGY9999/Rep Range 4.jpg]
[www.worldgym.com/root/clientImages/WGY9999/WG-Rep-Ranges.jpg]
[www.worldgym.com/blog/how-many-reps-will-build-muscle.html]
[www.worldgym.com/root/clientImages/WGY9999/Lift Weights 1.jpg]
[www.worldgym.com/root/clientImages/WGY9999/Lift Weights 2.jpg]
[www.worldgym.com/blog/5-reasons-women-should-lift-weights.html]
[www.worldgym.com/root/clientImages/WGY9999/WGACM-0864.jpg]
[www.worldgym.com/root/clientImages/WGY9999/WG-1539.jpg]
[www.worldgym.com/blog/fix-your-joints-fix-your-fitness.html]
[www.worldgym.com/root/clientImages/WGY9999/World Gym - Get Stronger and Leaner by Tracking Macros 1.jpg]
[www.worldgym.com/root/clientImages/WGY9999/World Gym - Get Stronger and Leaner by Tracking Macros 2.jpg]
[www.worldgym.com/root/clientImages/WGY9999/World Gym - Get Stronger and Leaner by Tracking Macros 3.jpg]
[www.worldgym.com/root/clientImages/WGY9999/World Gym - Get Stronger and Leaner by Tracking Macros 4.jpg]
[www.worldgym.com/root/clientImages/WGY9999/WG - piecharts.jpg]
[www.worldgym.com/blog/get-stronger-and-leaner-by-tracking-macros-2.html]
[www.worldgym.com/blog/strength-training.html]
[www.worldgym.com/blog/cardio-training.html]
[www.worldgym.com/blog/ambassadors.html]
[www.worldgym.com/blog/world-gym-athletics.html]
[www.worldgym.com/blog/nutrition.html]
[www.worldgym.com/blog/exercise-is-medicine.html]
[www.worldgym.com/blog/world-gym-anywhere.html]
[www.worldgym.com/blog/recovery.html]
[www.worldgym.com/)/index.html]
[www.worldgym.com/accessibility-2.html]
[www.worldgym.com/assets/images/iStock-637772330.html]
[www.worldgym.com/assets/images/world-gym-franchise-temp-banner.html]
[www.worldgym.com/blog/)/index.html]
